#! /c/iverilog/bin/vvp
:ivl_version "12.0 (devel)" "(s20150603-965-g55e06db6)";
:ivl_delay_selection "TYPICAL";
:vpi_time_precision + 0;
:vpi_module "D:\iverilog\lib\ivl\system.vpi";
:vpi_module "D:\iverilog\lib\ivl\vhdl_sys.vpi";
:vpi_module "D:\iverilog\lib\ivl\vhdl_textio.vpi";
:vpi_module "D:\iverilog\lib\ivl\v2005_math.vpi";
:vpi_module "D:\iverilog\lib\ivl\va_math.vpi";
S_00000000011ddcc0 .scope module, "dual_port_ram_sync" "dual_port_ram_sync" 2 29;
 .timescale 0 0;
    .port_info 0 /INPUT 1 "clk";
    .port_info 1 /INPUT 1 "we";
    .port_info 2 /INPUT 6 "addr_a";
    .port_info 3 /INPUT 6 "addr_b";
    .port_info 4 /INPUT 8 "din_a";
    .port_info 5 /OUTPUT 8 "dout_a";
    .port_info 6 /OUTPUT 8 "dout_b";
P_00000000011d7330 .param/l "ADDR_WIDTH" 0 2 31, +C4<00000000000000000000000000000110>;
P_00000000011d7368 .param/l "DATA_WIDTH" 0 2 32, +C4<00000000000000000000000000001000>;
L_0000000001026400 .functor BUFZ 8, L_000000000108f8e0, C4<00000000>, C4<00000000>, C4<00000000>;
L_0000000001026630 .functor BUFZ 8, L_000000000108e800, C4<00000000>, C4<00000000>, C4<00000000>;
v00000000011ddfe0_0 .net *"_ivl_0", 7 0, L_000000000108f8e0;  1 drivers
v00000000011d6f50_0 .net *"_ivl_10", 7 0, L_000000000108eb20;  1 drivers
L_0000000001090090 .functor BUFT 1, C4<00>, C4<0>, C4<0>, C4<0>;
v0000000001032f40_0 .net *"_ivl_13", 1 0, L_0000000001090090;  1 drivers
v0000000001032e00_0 .net *"_ivl_2", 7 0, L_000000000108e120;  1 drivers
L_0000000001090048 .functor BUFT 1, C4<00>, C4<0>, C4<0>, C4<0>;
v0000000001032cc0_0 .net *"_ivl_5", 1 0, L_0000000001090048;  1 drivers
v0000000001032900_0 .net *"_ivl_8", 7 0, L_000000000108e800;  1 drivers
o000000000103d0b8 .functor BUFZ 6, C4<zzzzzz>; HiZ drive
v0000000001033260_0 .net "addr_a", 5 0, o000000000103d0b8;  0 drivers
o000000000103d0e8 .functor BUFZ 6, C4<zzzzzz>; HiZ drive
v0000000001033120_0 .net "addr_b", 5 0, o000000000103d0e8;  0 drivers
o000000000103d118 .functor BUFZ 1, C4<z>; HiZ drive
v00000000010331c0_0 .net "clk", 0 0, o000000000103d118;  0 drivers
o000000000103d148 .functor BUFZ 8, C4<zzzzzzzz>; HiZ drive
v0000000001032d60_0 .net "din_a", 7 0, o000000000103d148;  0 drivers
v00000000010327c0_0 .net "dout_a", 7 0, L_0000000001026400;  1 drivers
v0000000001033440_0 .net "dout_b", 7 0, L_0000000001026630;  1 drivers
v0000000001032ea0_0 .var "q_addr_a", 5 0;
v0000000001032fe0_0 .var "q_addr_b", 5 0;
v0000000001032c20 .array "ram", 0 63, 7 0;
o000000000103d238 .functor BUFZ 1, C4<z>; HiZ drive
v0000000001032680_0 .net "we", 0 0, o000000000103d238;  0 drivers
E_0000000001029b90 .event posedge, v00000000010331c0_0;
L_000000000108f8e0 .array/port v0000000001032c20, L_000000000108e120;
L_000000000108e120 .concat [ 6 2 0 0], v0000000001032ea0_0, L_0000000001090048;
L_000000000108e800 .array/port v0000000001032c20, L_000000000108eb20;
L_000000000108eb20 .concat [ 6 2 0 0], v0000000001032fe0_0, L_0000000001090090;
S_00000000011dde50 .scope module, "single_port_ram_sync" "single_port_ram_sync" 2 62;
 .timescale 0 0;
    .port_info 0 /INPUT 1 "clk";
    .port_info 1 /INPUT 1 "we";
    .port_info 2 /INPUT 6 "addr_a";
    .port_info 3 /INPUT 8 "din_a";
    .port_info 4 /OUTPUT 8 "dout_a";
P_00000000011d71b0 .param/l "ADDR_WIDTH" 0 2 64, +C4<00000000000000000000000000000110>;
P_00000000011d71e8 .param/l "DATA_WIDTH" 0 2 65, +C4<00000000000000000000000000001000>;
L_0000000001026470 .functor BUFZ 8, L_000000000108f160, C4<00000000>, C4<00000000>, C4<00000000>;
v0000000001033080_0 .net *"_ivl_0", 7 0, L_000000000108f160;  1 drivers
v0000000001032540_0 .net *"_ivl_2", 7 0, L_000000000108f0c0;  1 drivers
L_00000000010900d8 .functor BUFT 1, C4<00>, C4<0>, C4<0>, C4<0>;
v0000000001032a40_0 .net *"_ivl_5", 1 0, L_00000000010900d8;  1 drivers
o000000000103d448 .functor BUFZ 6, C4<zzzzzz>; HiZ drive
v0000000001032ae0_0 .net "addr_a", 5 0, o000000000103d448;  0 drivers
o000000000103d478 .functor BUFZ 1, C4<z>; HiZ drive
v0000000001032860_0 .net "clk", 0 0, o000000000103d478;  0 drivers
o000000000103d4a8 .functor BUFZ 8, C4<zzzzzzzz>; HiZ drive
v00000000010329a0_0 .net "din_a", 7 0, o000000000103d4a8;  0 drivers
v0000000001032720_0 .net "dout_a", 7 0, L_0000000001026470;  1 drivers
v0000000001033300_0 .var/i "i", 31 0;
v00000000010333a0_0 .var "q_addr_a", 5 0;
v0000000001032b80 .array "ram", 0 63, 7 0;
o000000000103d568 .functor BUFZ 1, C4<z>; HiZ drive
v00000000010325e0_0 .net "we", 0 0, o000000000103d568;  0 drivers
E_0000000001029dd0 .event posedge, v0000000001032860_0;
L_000000000108f160 .array/port v0000000001032b80, L_000000000108f0c0;
L_000000000108f0c0 .concat [ 6 2 0 0], v00000000010333a0_0, L_00000000010900d8;
    .scope S_00000000011ddcc0;
T_0 ;
    %wait E_0000000001029b90;
    %load/vec4 v0000000001032680_0;
    %flag_set/vec4 8;
    %jmp/0xz  T_0.0, 8;
    %load/vec4 v0000000001032d60_0;
    %load/vec4 v0000000001033260_0;
    %pad/u 8;
    %ix/vec4 3;
    %ix/load 4, 0, 0; Constant delay
    %assign/vec4/a/d v0000000001032c20, 0, 4;
T_0.0 ;
    %load/vec4 v0000000001033260_0;
    %assign/vec4 v0000000001032ea0_0, 0;
    %load/vec4 v0000000001033120_0;
    %assign/vec4 v0000000001032fe0_0, 0;
    %jmp T_0;
    .thread T_0;
    .scope S_00000000011dde50;
T_1 ;
    %wait E_0000000001029dd0;
    %load/vec4 v00000000010325e0_0;
    %flag_set/vec4 8;
    %jmp/0xz  T_1.0, 8;
    %load/vec4 v00000000010329a0_0;
    %load/vec4 v0000000001032ae0_0;
    %pad/u 8;
    %ix/vec4 3;
    %ix/load 4, 0, 0; Constant delay
    %assign/vec4/a/d v0000000001032b80, 0, 4;
T_1.0 ;
    %load/vec4 v0000000001032ae0_0;
    %assign/vec4 v00000000010333a0_0, 0;
    %jmp T_1;
    .thread T_1;
    .scope S_00000000011dde50;
T_2 ;
    %pushi/vec4 0, 0, 32;
    %store/vec4 v0000000001033300_0, 0, 32;
T_2.0 ;
    %load/vec4 v0000000001033300_0;
    %cmpi/s 64, 0, 32;
    %jmp/0xz T_2.1, 5;
    %pushi/vec4 0, 0, 8;
    %ix/getv/s 4, v0000000001033300_0;
    %store/vec4a v0000000001032b80, 4, 0;
    %load/vec4 v0000000001033300_0;
    %addi 1, 0, 32;
    %store/vec4 v0000000001033300_0, 0, 32;
    %jmp T_2.0;
T_2.1 ;
    %vpi_call 2 93 "$readmemh", "gcd.data", v0000000001032b80 {0 0 0};
    %pushi/vec4 0, 0, 32;
    %store/vec4 v0000000001033300_0, 0, 32;
T_2.2 ;
    %load/vec4 v0000000001033300_0;
    %cmpi/s 5000, 0, 32;
    %jmp/0xz T_2.3, 5;
    %vpi_call 2 95 "$display", &A<v0000000001032b80, v0000000001033300_0 > {0 0 0};
    %vpi_call 2 96 "$display", v0000000001033300_0 {0 0 0};
    %load/vec4 v0000000001033300_0;
    %addi 1, 0, 32;
    %store/vec4 v0000000001033300_0, 0, 32;
    %jmp T_2.2;
T_2.3 ;
    %end;
    .thread T_2;
# The file index is used to find the file name in the following table.
:file_names 3;
    "N/A";
    "<interactive>";
    "block_ram.v";
